
> lms-frontend@1.0.0 build
> tsc && vite build

src/components/admin/CategoryFormModal.tsx(99,11): error TS2322: Type 'number' is not assignable to type 'string'.
src/components/admin/CourseDetailModal.tsx(29,54): error TS2345: Argument of type 'string' is not assignable to parameter of type 'number'.
src/components/admin/CourseDetailModal.tsx(30,52): error TS2345: Argument of type 'string' is not assignable to parameter of type 'number'.
src/components/admin/CourseDetailModal.tsx(38,38): error TS2345: Argument of type 'number' is not assignable to parameter of type 'string'.
src/components/admin/CourseDetailModal.tsx(44,46): error TS2322: Type 'number' is not assignable to type 'string'.
src/components/admin/UserDetailModal.tsx(55,42): error TS2345: Argument of type 'number' is not assignable to parameter of type 'string'.
src/components/admin/UserFormModal.tsx(80,11): error TS2322: Type 'number' is not assignable to type 'string'.
src/hooks/admin/useActivityLogs.ts(29,49): error TS2345: Argument of type 'number' is not assignable to parameter of type 'string'.
src/hooks/useAdminCourses.ts(49,49): error TS2345: Argument of type 'number' is not assignable to parameter of type 'string'.
src/hooks/useAdminCourses.ts(72,53): error TS2345: Argument of type 'number' is not assignable to parameter of type 'string'.
src/hooks/useAdminCourses.ts(83,54): error TS2345: Argument of type 'number' is not assignable to parameter of type 'string'.
src/hooks/useAdminCourses.ts(147,79): error TS2345: Argument of type 'string' is not assignable to parameter of type 'number'.
src/hooks/useAdminCourses.ts(151,37): error TS2345: Argument of type 'string' is not assignable to parameter of type 'number'.
src/hooks/useAdminCourses.ts(156,81): error TS2345: Argument of type 'string' is not assignable to parameter of type 'number'.
src/hooks/useAdminCourses.ts(191,75): error TS2345: Argument of type 'number[]' is not assignable to parameter of type 'string[]'.
  Type 'number' is not assignable to type 'string'.
src/hooks/useAdminCourses.ts(211,39): error TS2345: Argument of type 'number[]' is not assignable to parameter of type 'string[]'.
  Type 'number' is not assignable to type 'string'.
src/hooks/useAdminUsers.ts(113,35): error TS2345: Argument of type 'string' is not assignable to parameter of type 'number'.
src/hooks/useAdminUsers.ts(125,40): error TS2345: Argument of type 'string' is not assignable to parameter of type 'number'.
src/hooks/useAdminUsers.ts(207,31): error TS2345: Argument of type 'number' is not assignable to parameter of type 'string'.
src/hooks/useAdminUsers.ts(253,33): error TS2345: Argument of type 'number' is not assignable to parameter of type 'string'.
src/hooks/useAdminUsers.ts(297,64): error TS2345: Argument of type 'number' is not assignable to parameter of type 'string'.
src/hooks/useAdminUsers.ts(319,41): error TS2345: Argument of type 'number' is not assignable to parameter of type 'string'.
src/hooks/useCategories.ts(45,40): error TS2345: Argument of type 'string' is not assignable to parameter of type 'number'.
src/hooks/useCategories.ts(71,45): error TS2345: Argument of type 'string' is not assignable to parameter of type 'number'.
src/hooks/useCoursesData.ts(25,41): error TS2345: Argument of type 'string' is not assignable to parameter of type 'number'.
src/hooks/useCoursesData.ts(105,43): error TS2345: Argument of type 'string' is not assignable to parameter of type 'number'.
src/hooks/useLessonData.ts(10,42): error TS2345: Argument of type 'string' is not assignable to parameter of type 'number'.
src/hooks/useLessonData.ts(22,41): error TS2345: Argument of type 'string' is not assignable to parameter of type 'number'.
src/hooks/useLessonData.ts(34,43): error TS2345: Argument of type 'string' is not assignable to parameter of type 'number'.
src/hooks/useLessonData.ts(53,47): error TS2345: Argument of type 'string' is not assignable to parameter of type 'number'.
src/hooks/useLessonData.ts(75,47): error TS2345: Argument of type 'string' is not assignable to parameter of type 'number'.
src/hooks/useLessonData.ts(80,45): error TS2345: Argument of type 'string' is not assignable to parameter of type 'number'.
src/hooks/useLessonData.ts(101,43): error TS2345: Argument of type 'string' is not assignable to parameter of type 'number'.
src/pages/admin/CategoryManagementPage.tsx(49,19): error TS2345: Argument of type 'number' is not assignable to parameter of type 'SetStateAction<string | null>'.
src/pages/admin/CategoryManagementPage.tsx(51,40): error TS2345: Argument of type 'number' is not assignable to parameter of type 'string'.
src/pages/admin/CategoryManagementPage.tsx(190,31): error TS2367: This comparison appears to be unintentional because the types 'string | null' and 'number' have no overlap.
src/pages/admin/CategoryManagementPage.tsx(193,22): error TS2367: This comparison appears to be unintentional because the types 'string | null' and 'number' have no overlap.
src/pages/admin/CourseManagementPage.tsx(145,45): error TS2345: Argument of type 'number' is not assignable to parameter of type 'SetStateAction<string | null>'.
src/pages/admin/UserManagementPage.tsx(180,45): error TS2345: Argument of type 'number' is not assignable to parameter of type 'SetStateAction<string | null>'.
src/pages/CourseDetailPage.tsx(40,56): error TS2345: Argument of type 'number' is not assignable to parameter of type 'string'.
src/pages/CourseDetailPage.tsx(53,18): error TS2345: Argument of type 'number' is not assignable to parameter of type 'string'.
src/pages/instructor/CurriculumBuilderPage.tsx(118,59): error TS2322: Type 'number' is not assignable to type 'string'.
src/pages/instructor/CurriculumBuilderPage.tsx(124,32): error TS2322: Type 'number' is not assignable to type 'string'.
src/pages/instructor/CurriculumBuilderPage.tsx(132,11): error TS2367: This comparison appears to be unintentional because the types 'number' and 'string' have no overlap.
src/pages/instructor/GradingPage.tsx(141,28): error TS2345: Argument of type '(prev: string[]) => (string | number)[]' is not assignable to parameter of type 'SetStateAction<string[]>'.
  Type '(prev: string[]) => (string | number)[]' is not assignable to type '(prevState: string[]) => string[]'.
    Type '(string | number)[]' is not assignable to type 'string[]'.
      Type 'string | number' is not assignable to type 'string'.
        Type 'number' is not assignable to type 'string'.
src/pages/instructor/GradingPage.tsx(142,21): error TS2345: Argument of type 'number' is not assignable to parameter of type 'string'.
src/pages/instructor/GradingPage.tsx(142,46): error TS2367: This comparison appears to be unintentional because the types 'string' and 'number' have no overlap.
src/pages/instructor/GradingPage.tsx(245,61): error TS2345: Argument of type 'number' is not assignable to parameter of type 'string'.
src/pages/instructor/StudentManagementPage.tsx(83,25): error TS2345: Argument of type '(prev: string[]) => (string | number)[]' is not assignable to parameter of type 'SetStateAction<string[]>'.
  Type '(prev: string[]) => (string | number)[]' is not assignable to type '(prevState: string[]) => string[]'.
    Type '(string | number)[]' is not assignable to type 'string[]'.
      Type 'string | number' is not assignable to type 'string'.
        Type 'number' is not assignable to type 'string'.
src/pages/instructor/StudentManagementPage.tsx(84,21): error TS2345: Argument of type 'number' is not assignable to parameter of type 'string'.
src/pages/instructor/StudentManagementPage.tsx(84,46): error TS2367: This comparison appears to be unintentional because the types 'string' and 'number' have no overlap.
src/pages/instructor/StudentManagementPage.tsx(248,58): error TS2345: Argument of type 'number' is not assignable to parameter of type 'string'.
src/pages/student/AssignmentPage.tsx(27,76): error TS2345: Argument of type 'number' is not assignable to parameter of type 'string'.
src/pages/student/AssignmentPage.tsx(28,46): error TS2345: Argument of type 'number' is not assignable to parameter of type 'string'.
src/pages/student/AssignmentPage.tsx(53,9): error TS2322: Type 'number' is not assignable to type 'string'.
src/pages/student/AssignmentPage.tsx(103,9): error TS2322: Type 'number' is not assignable to type 'string'.
src/pages/student/LearningPage.tsx(35,81): error TS2345: Argument of type 'string | undefined' is not assignable to parameter of type 'string'.
  Type 'undefined' is not assignable to type 'string'.
src/pages/student/LearningPage.tsx(39,5): error TS2345: Argument of type 'string | 0' is not assignable to parameter of type 'string'.
  Type 'number' is not assignable to type 'string'.
src/pages/student/LearningPage.tsx(43,54): error TS2345: Argument of type 'string | 0' is not assignable to parameter of type 'string'.
  Type 'number' is not assignable to type 'string'.
src/pages/student/NotificationsPage.tsx(32,31): error TS2345: Argument of type 'number' is not assignable to parameter of type 'string'.
src/pages/student/NotificationsPage.tsx(42,40): error TS2345: Argument of type 'number' is not assignable to parameter of type 'string'.
src/pages/student/NotificationsPage.tsx(47,41): error TS2345: Argument of type 'number' is not assignable to parameter of type 'string'.
src/pages/student/QuizPage.tsx(32,58): error TS2345: Argument of type 'number' is not assignable to parameter of type 'string'.
src/pages/student/QuizPage.tsx(33,77): error TS2345: Argument of type 'number' is not assignable to parameter of type 'string'.
src/pages/student/QuizPage.tsx(34,54): error TS2345: Argument of type 'number' is not assignable to parameter of type 'string'.
src/pages/student/QuizPage.tsx(78,59): error TS2345: Argument of type 'string | undefined' is not assignable to parameter of type 'string'.
  Type 'undefined' is not assignable to type 'string'.
src/pages/student/QuizPage.tsx(90,16): error TS2345: Argument of type '(prev: Answer[]) => (Answer | { questionId: string; answer: string | string[]; })[]' is not assignable to parameter of type 'SetStateAction<Answer[]>'.
  Type '(prev: Answer[]) => (Answer | { questionId: string; answer: string | string[]; })[]' is not assignable to type '(prevState: Answer[]) => Answer[]'.
    Type '(Answer | { questionId: string; answer: string | string[]; })[]' is not assignable to type 'Answer[]'.
      Type 'Answer | { questionId: string; answer: string | string[]; }' is not assignable to type 'Answer'.
        Type '{ questionId: string; answer: string | string[]; }' is not assignable to type 'Answer'.
          Types of property 'questionId' are incompatible.
            Type 'string' is not assignable to type 'number'.
src/pages/student/QuizPage.tsx(91,39): error TS2367: This comparison appears to be unintentional because the types 'number' and 'string' have no overlap.
src/pages/student/QuizPage.tsx(93,30): error TS2367: This comparison appears to be unintentional because the types 'number' and 'string' have no overlap.
src/pages/student/QuizPage.tsx(109,30): error TS2367: This comparison appears to be unintentional because the types 'number' and 'string' have no overlap.
src/pages/student/QuizPage.tsx(125,66): error TS2367: This comparison appears to be unintentional because the types 'number' and 'string' have no overlap.
src/pages/student/QuizResultsPage.tsx(26,55): error TS2345: Argument of type 'number' is not assignable to parameter of type 'string'.
src/pages/student/QuizResultsPage.tsx(30,26): error TS2345: Argument of type '(prev: string[]) => (string | number)[]' is not assignable to parameter of type 'SetStateAction<string[]>'.
  Type '(prev: string[]) => (string | number)[]' is not assignable to type '(prevState: string[]) => string[]'.
    Type '(string | number)[]' is not assignable to type 'string[]'.
      Type 'string | number' is not assignable to type 'string'.
        Type 'number' is not assignable to type 'string'.
src/pages/student/QuizResultsPage.tsx(31,21): error TS2345: Argument of type 'number' is not assignable to parameter of type 'string'.
src/pages/student/QuizResultsPage.tsx(32,29): error TS2367: This comparison appears to be unintentional because the types 'string' and 'number' have no overlap.
